[backblue.gif]
[fade.gif]
[index.html]
[quanticalabs.com/Pressroom/Template/images/favicon.ico]
[quanticalabs.com/Pressroom/Template/indexff4b.html]
[quanticalabs.com/Pressroom/Template/index7980.html]
[quanticalabs.com/Pressroom/Template/index4bf4.html]
[quanticalabs.com/Pressroom/Template/images/samples/330x242/image_08.jpg]
[quanticalabs.com/Pressroom/Template/indexb878.html]
[quanticalabs.com/Pressroom/Template/index9ba3.html]
[quanticalabs.com/Pressroom/Template/indexa5c4.html]
[quanticalabs.com/Pressroom/Template/indexc38b.html]
[quanticalabs.com/Pressroom/Template/indexd001.html]
[quanticalabs.com/Pressroom/Template/images/samples/330x242/image_11.jpg]
[quanticalabs.com/Pressroom/Template/index171c.html]
[quanticalabs.com/Pressroom/Template/index87c0.html]
[quanticalabs.com/Pressroom/Template/images/samples/330x242/image_06.jpg]
[quanticalabs.com/Pressroom/Template/index1380.html]
[quanticalabs.com/Pressroom/Template/images/samples/330x242/image_03.jpg]
[quanticalabs.com/Pressroom/Template/index4d9f.html]
[quanticalabs.com/Pressroom/Template/indexf6f2.html]
[quanticalabs.com/Pressroom/Template/indexdced.html]
[quanticalabs.com/Pressroom/Template/images/samples/330x242/image_05.jpg]
[quanticalabs.com/Pressroom/Template/indexba02.html]
[quanticalabs.com/Pressroom/Template/images/samples/330x242/image_04.jpg]
[quanticalabs.com/Pressroom/Template/images/samples/330x242/image_07.jpg]
[quanticalabs.com/Pressroom/Template/indexda5d.html]
[quanticalabs.com/Pressroom/Template/images/samples/330x242/image_09.jpg]
[quanticalabs.com/Pressroom/Template/index17b1.html]
[quanticalabs.com/Pressroom/Template/images/samples/330x242/image_14.jpg]
[quanticalabs.com/Pressroom/Template/images/samples/330x242/image_13.jpg]
[quanticalabs.com/Pressroom/Template/images/samples/330x242/image_02.jpg]
[quanticalabs.com/Pressroom/Template/images/samples/330x242/image_01.jpg]
[quanticalabs.com/Pressroom/Template/images/samples/100x100/image_06.jpg]
[quanticalabs.com/Pressroom/Template/images/samples/100x100/image_12.jpg]
[quanticalabs.com/Pressroom/Template/images/samples/100x100/image_02.jpg]
[quanticalabs.com/Pressroom/Template/index7855.html]
[quanticalabs.com/Pressroom/Template/images/samples/100x100/image_04.jpg]
[quanticalabs.com/Pressroom/Template/index5d3d.html]
[quanticalabs.com/Pressroom/Template/images/samples/100x100/image_10.jpg]
[quanticalabs.com/Pressroom/Template/images/samples/100x100/image_07.jpg]
[quanticalabs.com/Pressroom/Template/images/slider/image_01.jpg]
[quanticalabs.com/Pressroom/Template/index4e1c.html]
[quanticalabs.com/Pressroom/Template/images/slider/image_02.jpg]
[quanticalabs.com/Pressroom/Template/indexb2ff.html]
[quanticalabs.com/Pressroom/Template/indexe1c9.html]
[quanticalabs.com/Pressroom/Template/index224d.html]
[quanticalabs.com/Pressroom/Template/images/slider/image_03.jpg]
[quanticalabs.com/Pressroom/Template/index4b64.html]
[quanticalabs.com/Pressroom/Template/index205e.html]
[quanticalabs.com/Pressroom/Template/index6bfc.html]
[quanticalabs.com/Pressroom/Template/images/samples/100x100/image_13.jpg]
[quanticalabs.com/Pressroom/Template/index501e.html]
[quanticalabs.com/Pressroom/Template/images/samples/100x100/image_01.jpg]
[quanticalabs.com/Pressroom/Template/index914a.html]
[quanticalabs.com/Pressroom/Template/index467f.html]
[quanticalabs.com/Pressroom/Template/images/samples/100x100/image_03.jpg]
[quanticalabs.com/Pressroom/Template/index9680.html]
[quanticalabs.com/Pressroom/Template/images/samples/330x242/image_10.jpg]
[quanticalabs.com/Pressroom/Template/index644e.html]
[quanticalabs.com/Pressroom/Template/indexde65.html]
[quanticalabs.com/Pressroom/Template/index27b5.html]
[quanticalabs.com/Pressroom/Template/images/samples/100x100/image_14.jpg]
[quanticalabs.com/Pressroom/Template/indexdd47.html]
[quanticalabs.com/Pressroom/Template/indexd5f0.html]
[quanticalabs.com/Pressroom/Template/images/samples/510x187/image_12.jpg]
[quanticalabs.com/Pressroom/Template/index53a6.html]
[quanticalabs.com/Pressroom/Template/indexc6d4.html]
[quanticalabs.com/Pressroom/Template/images/samples/510x187/image_01.jpg]
[quanticalabs.com/Pressroom/Template/images/samples/510x187/image_14.jpg]
[quanticalabs.com/Pressroom/Template/images/samples/510x187/image_02.jpg]
[quanticalabs.com/Pressroom/Template/images/samples/Team_100x100/image_01.jpg]
[quanticalabs.com/Pressroom/Template/images/samples/Team_100x100/image_02.jpg]
[quanticalabs.com/Pressroom/Template/images/samples/Team_100x100/image_03.jpg]
[quanticalabs.com/Pressroom/Template/images/samples/Team_100x100/image_04.jpg]
[quanticalabs.com/Pressroom/Template/images/samples/100x100/image_09.jpg]
[quanticalabs.com/cdn-cgi/scripts/5c5dd728/cloudflare-static/email-decode.min.js]
[quanticalabs.com/Pressroom/Template/js/jquery-3.6.0.min.js]
[quanticalabs.com/Pressroom/Template/js/jquery.ba-bbq.min.js]
[quanticalabs.com/Pressroom/Template/js/jquery-ui-1.12.1.custom.min.js]
[quanticalabs.com/Pressroom/Template/js/jquery.easing.1.4.1.min.js]
[quanticalabs.com/Pressroom/Template/js/jquery.carouFredSel-6.2.1-packed.js]
[quanticalabs.com/Pressroom/Template/js/jquery.touchSwipe.min.js]
[quanticalabs.com/Pressroom/Template/js/jquery.transit.min.js]
[quanticalabs.com/Pressroom/Template/js/jquery.sliderControl.js]
[quanticalabs.com/Pressroom/Template/js/jquery.timeago.js]
[quanticalabs.com/Pressroom/Template/js/jquery.hint.js]
[quanticalabs.com/Pressroom/Template/js/jquery.prettyPhoto.js]
[quanticalabs.com/Pressroom/Template/js/jquery.qtip.min.js]
[quanticalabs.com/Pressroom/Template/js/jquery.blockUI.js]
[quanticalabs.com/Pressroom/Template/js/jquery.imagesloaded-packed.js]
[quanticalabs.com/Pressroom/Template/js/main.js]
[quanticalabs.com/Pressroom/Template/js/odometer.min.js]
[quanticalabs.com/Pressroom/Template/style_selector/style_selector.css]
[quanticalabs.com/Pressroom/Template/style_selector/style_selector.js]
[quanticalabs.com/Pressroom/Template/index.html]
[quanticalabs.com/Pressroom/Template/style/reset.css]
[quanticalabs.com/Pressroom/Template/style/superfish.css]
[quanticalabs.com/Pressroom/Template/images/prettyPhoto/default/sprite.png]
[quanticalabs.com/Pressroom/Template/images/prettyPhoto/default/sprite_x.png]
[quanticalabs.com/Pressroom/Template/images/prettyPhoto/default/sprite_y.png]
[quanticalabs.com/Pressroom/Template/images/prettyPhoto/default/sprite_next.png]
[quanticalabs.com/Pressroom/Template/images/prettyPhoto/default/sprite_prev.png]
[quanticalabs.com/Pressroom/Template/images/prettyPhoto/default/default_thumb.png]
[quanticalabs.com/Pressroom/Template/images/prettyPhoto/default/loader.gif]
[quanticalabs.com/Pressroom/Template/images/prettyPhoto/light_rounded/sprite.png]
[quanticalabs.com/Pressroom/Template/images/prettyPhoto/light_rounded/btnNext.png]
[quanticalabs.com/Pressroom/Template/images/prettyPhoto/light_rounded/btnPrevious.png]
[quanticalabs.com/Pressroom/Template/images/prettyPhoto/dark_rounded/sprite.png]
[quanticalabs.com/Pressroom/Template/images/prettyPhoto/dark_rounded/contentPattern.png]
[quanticalabs.com/Pressroom/Template/images/prettyPhoto/dark_rounded/btnNext.png]
[quanticalabs.com/Pressroom/Template/images/prettyPhoto/dark_rounded/btnPrevious.png]
[quanticalabs.com/Pressroom/Template/images/prettyPhoto/dark_rounded/loader.gif]
[quanticalabs.com/Pressroom/Template/images/prettyPhoto/dark_square/loader.gif]
[quanticalabs.com/Pressroom/Template/images/prettyPhoto/dark_square/sprite.png]
[quanticalabs.com/Pressroom/Template/images/prettyPhoto/dark_square/btnNext.png]
[quanticalabs.com/Pressroom/Template/images/prettyPhoto/dark_square/btnPrevious.png]
[quanticalabs.com/Pressroom/Template/images/prettyPhoto/light_square/sprite.png]
[quanticalabs.com/Pressroom/Template/images/prettyPhoto/light_square/btnNext.png]
[quanticalabs.com/Pressroom/Template/images/prettyPhoto/light_square/btnPrevious.png]
[quanticalabs.com/Pressroom/Template/images/prettyPhoto/facebook/sprite.png]
[quanticalabs.com/Pressroom/Template/images/prettyPhoto/facebook/contentPatternTop.png]
[quanticalabs.com/Pressroom/Template/images/prettyPhoto/facebook/contentPatternLeft.png]
[quanticalabs.com/Pressroom/Template/images/prettyPhoto/facebook/contentPatternRight.png]
[quanticalabs.com/Pressroom/Template/images/prettyPhoto/facebook/loader.gif]
[quanticalabs.com/Pressroom/Template/images/prettyPhoto/facebook/btnNext.png]
[quanticalabs.com/Pressroom/Template/images/prettyPhoto/facebook/btnPrevious.png]
[quanticalabs.com/Pressroom/Template/images/prettyPhoto/facebook/contentPatternBottom.png]
[quanticalabs.com/Pressroom/Template/images/prettyPhoto/facebook/default_thumbnail.gif]
[quanticalabs.com/Pressroom/Template/images/prettyPhoto/light_rounded/loader.gif]
[quanticalabs.com/Pressroom/Template/style/prettyPhoto.css]
[quanticalabs.com/Pressroom/Template/style/jquery.qtip.css]
[quanticalabs.com/Pressroom/Template/images/icons/other/quote_content.png]
[quanticalabs.com/Pressroom/Template/images/code_background.png]
[quanticalabs.com/Pressroom/Template/images/backgrounds/images/image_1.jpg]
[quanticalabs.com/Pressroom/Template/images/backgrounds/images/image_2.jpg]
[quanticalabs.com/Pressroom/Template/images/backgrounds/images/image_3.jpg]
[quanticalabs.com/Pressroom/Template/images/backgrounds/images/image_4.jpg]
[quanticalabs.com/Pressroom/Template/images/backgrounds/images/image_5.jpg]
[quanticalabs.com/Pressroom/Template/images/backgrounds/patterns/pattern_1.png]
[quanticalabs.com/Pressroom/Template/images/backgrounds/patterns/pattern_2.png]
[quanticalabs.com/Pressroom/Template/images/backgrounds/patterns/pattern_3.png]
[quanticalabs.com/Pressroom/Template/images/backgrounds/patterns/pattern_4.png]
[quanticalabs.com/Pressroom/Template/images/backgrounds/patterns/pattern_5.png]
[quanticalabs.com/Pressroom/Template/images/backgrounds/patterns/pattern_6.png]
[quanticalabs.com/Pressroom/Template/images/backgrounds/patterns/pattern_7.png]
[quanticalabs.com/Pressroom/Template/images/backgrounds/patterns/pattern_8.png]
[quanticalabs.com/Pressroom/Template/images/backgrounds/patterns/pattern_9.png]
[quanticalabs.com/Pressroom/Template/images/backgrounds/patterns/pattern_10.png]
[quanticalabs.com/Pressroom/Template/images/backgrounds/images/overlay.png]
[quanticalabs.com/Pressroom/Template/images/icons/navigation/navigation_latest_arrow_left.png]
[quanticalabs.com/Pressroom/Template/images/icons/navigation/navigation_latest_arrow_right.png]
[quanticalabs.com/Pressroom/Template/images/icons/other/header_search.png]
[quanticalabs.com/Pressroom/Template/images/icons/navigation/breadcrumb_arrow.png]
[quanticalabs.com/Pressroom/Template/images/icons/navigation/menu_arrow.png]
[quanticalabs.com/Pressroom/Template/images/icons/navigation/dark_bg/submenu_arrow.png]
[quanticalabs.com/Pressroom/Template/images/icons/navigation/dark_bg/submenu_arrow_hover.png]
[quanticalabs.com/Pressroom/Template/images/icons/navigation/navigation_arrow_right.png]
[quanticalabs.com/Pressroom/Template/images/icons/navigation/navigation_arrow_left.png]
[quanticalabs.com/Pressroom/Template/images/icons/navigation/navigation_arrow_up.png]
[quanticalabs.com/Pressroom/Template/images/icons/navigation/navigation_arrow_down.png]
[quanticalabs.com/Pressroom/Template/images/icons/other/quote_image.png]
[quanticalabs.com/Pressroom/Template/images/icons/other/post_category.png]
[quanticalabs.com/Pressroom/Template/images/icons/other/post_date.png]
[quanticalabs.com/Pressroom/Template/images/icons/other/post_author.png]
[quanticalabs.com/Pressroom/Template/images/icons/other/post_views.png]
[quanticalabs.com/Pressroom/Template/images/icons/other/post_comments.png]
[quanticalabs.com/Pressroom/Template/images/icons/other/post_footer_tags.png]
[quanticalabs.com/Pressroom/Template/images/icons/other/post_footer_category.png]
[quanticalabs.com/Pressroom/Template/images/icons/navigation/call_to_action_arrow.png]
[quanticalabs.com/Pressroom/Template/images/samples/100x100/avatar.png]
[quanticalabs.com/Pressroom/Template/images/icons/other/comment_reply.png]
[quanticalabs.com/Pressroom/Template/images/icons/navigation/pagination_arrow_left.png]
[quanticalabs.com/Pressroom/Template/images/icons/navigation/pagination_arrow_right.png]
[quanticalabs.com/Pressroom/Template/images/icons/other/bullet_style_1.png]
[quanticalabs.com/Pressroom/Template/images/icons/other/bullet_style_2.png]
[quanticalabs.com/Pressroom/Template/images/icons/other/bullet_style_3.png]
[quanticalabs.com/Pressroom/Template/images/icons/other/bullet_style_4.png]
[quanticalabs.com/Pressroom/Template/images/icons/navigation/accordion_arrow_down.png]
[quanticalabs.com/Pressroom/Template/images/icons/navigation/accordion_arrow_down_hover.png]
[quanticalabs.com/Pressroom/Template/images/icons/navigation/accordion_arrow_up.png]
[quanticalabs.com/Pressroom/Template/images/preloader.gif]
[quanticalabs.com/Pressroom/Template/images/icons/media/video.png]
[quanticalabs.com/Pressroom/Template/images/icons/media/gallery.png]
[quanticalabs.com/Pressroom/Template/images/icons/media/small_video.png]
[quanticalabs.com/Pressroom/Template/images/icons/media/small_gallery.png]
[quanticalabs.com/Pressroom/Template/images/icons/media/small_review.png]
[quanticalabs.com/Pressroom/Template/images/icons/media/fullscreen.png]
[quanticalabs.com/Pressroom/Template/images/icons/other/404.png]
[quanticalabs.com/Pressroom/Template/images/icons/features/app.png]
[quanticalabs.com/Pressroom/Template/images/icons/features/calendar.png]
[quanticalabs.com/Pressroom/Template/images/icons/features/chart.png]
[quanticalabs.com/Pressroom/Template/images/icons/features/chat.png]
[quanticalabs.com/Pressroom/Template/images/icons/features/clock.png]
[quanticalabs.com/Pressroom/Template/images/icons/features/database.png]
[quanticalabs.com/Pressroom/Template/images/icons/features/document.png]
[quanticalabs.com/Pressroom/Template/images/icons/features/envelope.png]
[quanticalabs.com/Pressroom/Template/images/icons/features/faq.png]
[quanticalabs.com/Pressroom/Template/images/icons/features/graph.png]
[quanticalabs.com/Pressroom/Template/images/icons/features/image.png]
[quanticalabs.com/Pressroom/Template/images/icons/features/laptop.png]
[quanticalabs.com/Pressroom/Template/images/icons/features/magnifier.png]
[quanticalabs.com/Pressroom/Template/images/icons/features/mobile.png]
[quanticalabs.com/Pressroom/Template/images/icons/features/pin.png]
[quanticalabs.com/Pressroom/Template/images/icons/features/printer.png]
[quanticalabs.com/Pressroom/Template/images/icons/features/quote.png]
[quanticalabs.com/Pressroom/Template/images/icons/features/screen.png]
[quanticalabs.com/Pressroom/Template/images/icons/features/speaker.png]
[quanticalabs.com/Pressroom/Template/images/icons/features/video.png]
[quanticalabs.com/Pressroom/Template/images/icons/navigation/dark_bg/navigation_latest_arrow_left.png]
[quanticalabs.com/Pressroom/Template/images/icons/navigation/dark_bg/navigation_latest_arrow_right.png]
[quanticalabs.com/Pressroom/Template/images/icons/social/behance.png]
[quanticalabs.com/Pressroom/Template/images/icons/social/bing.png]
[quanticalabs.com/Pressroom/Template/images/icons/social/blogger.png]
[quanticalabs.com/Pressroom/Template/images/icons/social/deezer.png]
[quanticalabs.com/Pressroom/Template/images/icons/social/designfloat.png]
[quanticalabs.com/Pressroom/Template/images/icons/social/deviantart.png]
[quanticalabs.com/Pressroom/Template/images/icons/social/digg.png]
[quanticalabs.com/Pressroom/Template/images/icons/social/dribbble.png]
[quanticalabs.com/Pressroom/Template/images/icons/social/envato.png]
[quanticalabs.com/Pressroom/Template/images/icons/social/facebook.png]
[quanticalabs.com/Pressroom/Template/images/icons/social/flickr.png]
[quanticalabs.com/Pressroom/Template/images/icons/social/form.png]
[quanticalabs.com/Pressroom/Template/images/icons/social/forrst.png]
[quanticalabs.com/Pressroom/Template/images/icons/social/foursquare.png]
[quanticalabs.com/Pressroom/Template/images/icons/social/friendfeed.png]
[quanticalabs.com/Pressroom/Template/images/icons/social/googleplus.png]
[quanticalabs.com/Pressroom/Template/images/icons/social/instagram.png]
[quanticalabs.com/Pressroom/Template/images/icons/social/linkedin.png]
[quanticalabs.com/Pressroom/Template/images/icons/social/mail.png]
[quanticalabs.com/Pressroom/Template/images/icons/social/mobile.png]
[quanticalabs.com/Pressroom/Template/images/icons/social/myspace.png]
[quanticalabs.com/Pressroom/Template/images/icons/social/picasa.png]
[quanticalabs.com/Pressroom/Template/images/icons/social/pinterest.png]
[quanticalabs.com/Pressroom/Template/images/icons/social/reddit.png]
[quanticalabs.com/Pressroom/Template/images/icons/social/rss.png]
[quanticalabs.com/Pressroom/Template/images/icons/social/skype.png]
[quanticalabs.com/Pressroom/Template/images/icons/social/soundcloud.png]
[quanticalabs.com/Pressroom/Template/images/icons/social/spotify.png]
[quanticalabs.com/Pressroom/Template/images/icons/social/stumbleupon.png]
[quanticalabs.com/Pressroom/Template/images/icons/social/technorati.png]
[quanticalabs.com/Pressroom/Template/images/icons/social/tumblr.png]
[quanticalabs.com/Pressroom/Template/images/icons/social/twitter.png]
[quanticalabs.com/Pressroom/Template/images/icons/social/vimeo.png]
[quanticalabs.com/Pressroom/Template/images/icons/social/wykop.png]
[quanticalabs.com/Pressroom/Template/images/icons/social/xing.png]
[quanticalabs.com/Pressroom/Template/images/icons/social/youtube.png]
[quanticalabs.com/Pressroom/Template/images/icons/social/dark_bg/behance.png]
[quanticalabs.com/Pressroom/Template/images/icons/social/dark_bg/bing.png]
[quanticalabs.com/Pressroom/Template/images/icons/social/dark_bg/blogger.png]
[quanticalabs.com/Pressroom/Template/images/icons/social/dark_bg/deezer.png]
[quanticalabs.com/Pressroom/Template/images/icons/social/dark_bg/designfloat.png]
[quanticalabs.com/Pressroom/Template/images/icons/social/dark_bg/deviantart.png]
[quanticalabs.com/Pressroom/Template/images/icons/social/dark_bg/digg.png]
[quanticalabs.com/Pressroom/Template/images/icons/social/dark_bg/dribbble.png]
[quanticalabs.com/Pressroom/Template/images/icons/social/dark_bg/envato.png]
[quanticalabs.com/Pressroom/Template/images/icons/social/dark_bg/facebook.png]
[quanticalabs.com/Pressroom/Template/images/icons/social/dark_bg/flickr.png]
[quanticalabs.com/Pressroom/Template/images/icons/social/dark_bg/form.png]
[quanticalabs.com/Pressroom/Template/images/icons/social/dark_bg/forrst.png]
[quanticalabs.com/Pressroom/Template/images/icons/social/dark_bg/foursquare.png]
[quanticalabs.com/Pressroom/Template/images/icons/social/dark_bg/friendfeed.png]
[quanticalabs.com/Pressroom/Template/images/icons/social/dark_bg/googleplus.png]
[quanticalabs.com/Pressroom/Template/images/icons/social/dark_bg/instagram.png]
[quanticalabs.com/Pressroom/Template/images/icons/social/dark_bg/linkedin.png]
[quanticalabs.com/Pressroom/Template/images/icons/social/dark_bg/mail.png]
[quanticalabs.com/Pressroom/Template/images/icons/social/dark_bg/mobile.png]
[quanticalabs.com/Pressroom/Template/images/icons/social/dark_bg/myspace.png]
[quanticalabs.com/Pressroom/Template/images/icons/social/dark_bg/picasa.png]
[quanticalabs.com/Pressroom/Template/images/icons/social/dark_bg/pinterest.png]
[quanticalabs.com/Pressroom/Template/images/icons/social/dark_bg/reddit.png]
[quanticalabs.com/Pressroom/Template/images/icons/social/dark_bg/rss.png]
[quanticalabs.com/Pressroom/Template/images/icons/social/dark_bg/skype.png]
[quanticalabs.com/Pressroom/Template/images/icons/social/dark_bg/soundcloud.png]
[quanticalabs.com/Pressroom/Template/images/icons/social/dark_bg/spotify.png]
[quanticalabs.com/Pressroom/Template/images/icons/social/dark_bg/stumbleupon.png]
[quanticalabs.com/Pressroom/Template/images/icons/social/dark_bg/technorati.png]
[quanticalabs.com/Pressroom/Template/images/icons/social/dark_bg/tumblr.png]
[quanticalabs.com/Pressroom/Template/images/icons/social/dark_bg/twitter.png]
[quanticalabs.com/Pressroom/Template/images/icons/social/dark_bg/vimeo.png]
[quanticalabs.com/Pressroom/Template/images/icons/social/dark_bg/wykop.png]
[quanticalabs.com/Pressroom/Template/images/icons/social/dark_bg/xing.png]
[quanticalabs.com/Pressroom/Template/images/icons/social/dark_bg/youtube.png]
[quanticalabs.com/Pressroom/Template/images/icons/other/dark_bg/header_search.png]
[quanticalabs.com/Pressroom/Template/images/icons/other/dark_bg/gallery_close.png]
[quanticalabs.com/Pressroom/Template/images/icons/other/close.png]
[quanticalabs.com/Pressroom/Template/images/icons/other/subheader_arrow.png]
[quanticalabs.com/Pressroom/Template/images/icons/navigation/go_top_arrow.png]
[quanticalabs.com/Pressroom/Template/style/style.css]
[quanticalabs.com/Pressroom/Template/images/icons/navigation/dark_bg/menu_arrow.png]
[quanticalabs.com/Pressroom/Template/style/menu_styles.css]
[quanticalabs.com/Pressroom/Template/style/animations.css]
[quanticalabs.com/Pressroom/Template/style/responsive.css]
[quanticalabs.com/Pressroom/Template/style/odometer-theme-default.css]
[quanticalabs.com/Pressroom/Template/images/samples/510x187/image_08.jpg]
[quanticalabs.com/Pressroom/Template/images/samples/510x187/image_03.jpg]
[quanticalabs.com/Pressroom/Template/images/samples/510x187/image_09.jpg]
[quanticalabs.com/Pressroom/Template/images/samples/510x187/image_07.jpg]
[quanticalabs.com/Pressroom/Template/images/samples/690x450/image_10.jpg]
[quanticalabs.com/Pressroom/Template/indexb878.html]
[quanticalabs.com/Pressroom/Template/index9ba3.html]
[quanticalabs.com/Pressroom/Template/images/samples/524x261/image_10.jpg]
[quanticalabs.com/Pressroom/Template/images/samples/524x261/image_08.jpg]
[quanticalabs.com/Pressroom/Template/images/samples/524x261/image_05.jpg]
[quanticalabs.com/Pressroom/Template/images/samples/524x524/image_01.jpg]
[quanticalabs.com/Pressroom/Template/images/samples/524x524/image_12.jpg]
[quanticalabs.com/Pressroom/Template/images/samples/690x450/image_08.jpg]
[quanticalabs.com/Pressroom/Template/images/samples/690x450/image_05.jpg]
[quanticalabs.com/Pressroom/Template/images/samples/690x450/image_01.jpg]
[quanticalabs.com/Pressroom/Template/images/samples/690x450/image_12.jpg]
[quanticalabs.com/Pressroom/Template/images/samples/510x187/image_06.jpg]
[quanticalabs.com/Pressroom/Template/indexff4b.html]
[quanticalabs.com/Pressroom/Template/images/samples/787x524/image_08.jpg]
[quanticalabs.com/Pressroom/Template/images/samples/330x242/image_12.jpg]
[quanticalabs.com/Pressroom/Template/index7980.html]
[quanticalabs.com/Pressroom/Template/images/samples/690x450/image_09.jpg]
[quanticalabs.com/Pressroom/Template/images/samples/690x450/image_02.jpg]
[quanticalabs.com/Pressroom/Template/index4bf4.html]
[quanticalabs.com/Pressroom/Template/images/samples/524x524/image_09.jpg]
[quanticalabs.com/Pressroom/Template/indexa5c4.html]
[quanticalabs.com/Pressroom/Template/indexc38b.html]
[quanticalabs.com/Pressroom/Template/indexd001.html]
[quanticalabs.com/Pressroom/Template/images/samples/510x374/image_09.jpg]
[quanticalabs.com/Pressroom/Template/images/samples/Team_330x242/image_01.jpg]
[quanticalabs.com/Pressroom/Template/images/samples/Team_330x242/image_02.jpg]
[quanticalabs.com/Pressroom/Template/images/samples/Team_330x242/image_03.jpg]
[quanticalabs.com/Pressroom/Template/images/samples/Team_330x242/image_04.jpg]
[quanticalabs.com/Pressroom/Template/images/samples/Team_330x242/image_05.jpg]
[quanticalabs.com/Pressroom/Template/index171c.html]
[quanticalabs.com/Pressroom/Template/index87c0.html]
[quanticalabs.com/Pressroom/Template/index1380.html]
[quanticalabs.com/Pressroom/Template/index4d9f.html]
[quanticalabs.com/Pressroom/Template/indexf6f2.html]
[quanticalabs.com/Pressroom/Template/indexdced.html]
[quanticalabs.com/Pressroom/Template/images/samples/130x95/image_01.jpg]
[quanticalabs.com/Pressroom/Template/images/samples/130x95/image_10.jpg]
[quanticalabs.com/Pressroom/Template/images/samples/130x95/image_03.jpg]
[quanticalabs.com/Pressroom/Template/images/samples/130x95/image_09.jpg]
[quanticalabs.com/Pressroom/Template/images/samples/130x95/image_07.jpg]
[quanticalabs.com/Pressroom/Template/images/samples/130x95/image_05.jpg]
[quanticalabs.com/Pressroom/Template/images/samples/130x95/image_02.jpg]
[quanticalabs.com/Pressroom/Template/images/samples/130x95/image_08.jpg]
[quanticalabs.com/Pressroom/Template/images/samples/690x450/image_03.jpg]
[quanticalabs.com/Pressroom/Template/images/samples/690x450/image_07.jpg]
[quanticalabs.com/Pressroom/Template/indexba02.html]
[quanticalabs.com/Pressroom/Template/indexda5d.html]
[quanticalabs.com/Pressroom/Template/index17b1.html]
[quanticalabs.com/Pressroom/Template/index7855.html]
[quanticalabs.com/Pressroom/Template/index5d3d.html]
[quanticalabs.com/Pressroom/Template/index4e1c.html]
[quanticalabs.com/Pressroom/Template/indexb2ff.html]
[quanticalabs.com/Pressroom/Template/indexe1c9.html]
[quanticalabs.com/Pressroom/Template/index224d.html]
[quanticalabs.com/Pressroom/Template/index4b64.html]
[quanticalabs.com/Pressroom/Template/index205e.html]
[quanticalabs.com/Pressroom/Template/index6bfc.html]
[quanticalabs.com/Pressroom/Template/index501e.html]
[quanticalabs.com/Pressroom/Template/index914a.html]
[quanticalabs.com/Pressroom/Template/index467f.html]
[quanticalabs.com/Pressroom/Template/images/samples/510x374/image_10.jpg]
[quanticalabs.com/Pressroom/Template/images/samples/510x374/image_05.jpg]
[quanticalabs.com/Pressroom/Template/images/samples/510x374/image_03.jpg]
[quanticalabs.com/Pressroom/Template/images/samples/510x374/image_12.jpg]
[quanticalabs.com/Pressroom/Template/images/samples/510x374/image_13.jpg]
[quanticalabs.com/Pressroom/Template/images/samples/510x374/image_14.jpg]
[quanticalabs.com/Pressroom/Template/images/samples/510x374/image_08.jpg]
[quanticalabs.com/Pressroom/Template/images/samples/510x374/image_07.jpg]
[quanticalabs.com/Pressroom/Template/index9680.html]
[quanticalabs.com/Pressroom/Template/index644e.html]
[quanticalabs.com/Pressroom/Template/images/samples/Team_330x242/image_06.jpg]
[quanticalabs.com/Pressroom/Template/indexde65.html]
[quanticalabs.com/Pressroom/Template/index27b5.html]
[quanticalabs.com/Pressroom/Template/indexdd47.html]
[quanticalabs.com/Pressroom/Template/indexd5f0.html]
[quanticalabs.com/Pressroom/Template/index53a6.html]
[quanticalabs.com/Pressroom/Template/indexc6d4.html]
[quanticalabs.com/Pressroom/Template/style_selector/images/config.png]
[quanticalabs.com/Pressroom/Template/style_selector/images/pattern_1.png]
[quanticalabs.com/Pressroom/Template/style_selector/images/pattern_2.png]
[quanticalabs.com/Pressroom/Template/style_selector/images/pattern_3.png]
[quanticalabs.com/Pressroom/Template/style_selector/images/pattern_4.png]
[quanticalabs.com/Pressroom/Template/style_selector/images/pattern_5.png]
[quanticalabs.com/Pressroom/Template/style_selector/images/pattern_6.png]
[quanticalabs.com/Pressroom/Template/style_selector/images/pattern_7.png]
[quanticalabs.com/Pressroom/Template/style_selector/images/pattern_8.png]
[quanticalabs.com/Pressroom/Template/style_selector/images/pattern_9.png]
[quanticalabs.com/Pressroom/Template/style_selector/images/pattern_10.png]
[quanticalabs.com/Pressroom/Template/style_selector/images/image_1.png]
[quanticalabs.com/Pressroom/Template/style_selector/images/image_2.png]
[quanticalabs.com/Pressroom/Template/style_selector/images/image_3.png]
[quanticalabs.com/Pressroom/Template/style_selector/images/image_4.png]
[quanticalabs.com/Pressroom/Template/style_selector/images/image_5.png]
[quanticalabs.com/Pressroom/Template/style_selector/images/tick.png]
[quanticalabs.com/Pressroom/Template/style_selector/style_selector.css]
[quanticalabs.com/Pressroom/Template/images/code_background.html]
